7249  execve("./container", ["./container", "exec", "kimchi"], 0x7ffe3123aaf8 /* 17 vars */) = 0
7249  brk(NULL)                         = 0x5dc3fca99000
7249  mmap(NULL, 8192, PROT_READ|PROT_WRITE, MAP_PRIVATE|MAP_ANONYMOUS, -1, 0) = 0x7011db6de000
7249  access("/etc/ld.so.preload", R_OK) = -1 ENOENT (No such file or directory)
7249  openat(AT_FDCWD, "/etc/ld.so.cache", O_RDONLY|O_CLOEXEC) = 3
7249  fstat(3, {st_mode=S_IFREG|0644, st_size=55927, ...}) = 0
7249  mmap(NULL, 55927, PROT_READ, MAP_PRIVATE, 3, 0) = 0x7011db6d0000
7249  close(3)                          = 0
7249  openat(AT_FDCWD, "/lib/x86_64-linux-gnu/libc.so.6", O_RDONLY|O_CLOEXEC) = 3
7249  read(3, "\177ELF\2\1\1\3\0\0\0\0\0\0\0\0\3\0>\0\1\0\0\0\220\243\2\0\0\0\0\0"..., 832) = 832
7249  pread64(3, "\6\0\0\0\4\0\0\0@\0\0\0\0\0\0\0@\0\0\0\0\0\0\0@\0\0\0\0\0\0\0"..., 784, 64) = 784
7249  fstat(3, {st_mode=S_IFREG|0755, st_size=2125328, ...}) = 0
7249  pread64(3, "\6\0\0\0\4\0\0\0@\0\0\0\0\0\0\0@\0\0\0\0\0\0\0@\0\0\0\0\0\0\0"..., 784, 64) = 784
7249  mmap(NULL, 2170256, PROT_READ, MAP_PRIVATE|MAP_DENYWRITE, 3, 0) = 0x7011db400000
7249  mmap(0x7011db428000, 1605632, PROT_READ|PROT_EXEC, MAP_PRIVATE|MAP_FIXED|MAP_DENYWRITE, 3, 0x28000) = 0x7011db428000
7249  mmap(0x7011db5b0000, 323584, PROT_READ, MAP_PRIVATE|MAP_FIXED|MAP_DENYWRITE, 3, 0x1b0000) = 0x7011db5b0000
7249  mmap(0x7011db5ff000, 24576, PROT_READ|PROT_WRITE, MAP_PRIVATE|MAP_FIXED|MAP_DENYWRITE, 3, 0x1fe000) = 0x7011db5ff000
7249  mmap(0x7011db605000, 52624, PROT_READ|PROT_WRITE, MAP_PRIVATE|MAP_FIXED|MAP_ANONYMOUS, -1, 0) = 0x7011db605000
7249  close(3)                          = 0
7249  mmap(NULL, 12288, PROT_READ|PROT_WRITE, MAP_PRIVATE|MAP_ANONYMOUS, -1, 0) = 0x7011db6cd000
7249  arch_prctl(ARCH_SET_FS, 0x7011db6cd740) = 0
7249  set_tid_address(0x7011db6cda10)   = 7249
7249  set_robust_list(0x7011db6cda20, 24) = 0
7249  rseq(0x7011db6ce060, 0x20, 0, 0x53053053) = 0
7249  mprotect(0x7011db5ff000, 16384, PROT_READ) = 0
7249  mprotect(0x5dc3ea10d000, 4096, PROT_READ) = 0
7249  mprotect(0x7011db71e000, 8192, PROT_READ) = 0
7249  prlimit64(0, RLIMIT_STACK, NULL, {rlim_cur=8192*1024, rlim_max=RLIM64_INFINITY}) = 0
7249  munmap(0x7011db6d0000, 55927)     = 0
7249  getcwd("/home/jisookim/container-lab", 128) = 29
7249  fstat(1, {st_mode=S_IFCHR|0620, st_rdev=makedev(0x88, 0x4), ...}) = 0
7249  getrandom("\x50\x07\x44\x87\x99\xdb\x1e\x57", 8, GRND_NONBLOCK) = 8
7249  brk(NULL)                         = 0x5dc3fca99000
7249  brk(0x5dc3fcaba000)               = 0x5dc3fcaba000
7249  write(1, "Container Lab\n", 14)   = 14
7249  geteuid()                         = 0
7249  write(1, "pid_file: /home/jisookim/contain"..., 50) = 50
7249  openat(AT_FDCWD, "/home/jisookim/container-lab/kimchi.pid", O_RDONLY) = 3
7249  openat(AT_FDCWD, "/home/jisookim/container-lab/kimchi.pid", O_RDONLY) = 4
7249  read(4, "6855\n", 31)             = 5
7249  close(4)                          = 0
7249  openat(AT_FDCWD, "/proc/6855/ns/net", O_RDONLY) = 4
7249  openat(AT_FDCWD, "/proc/6855/ns/uts", O_RDONLY) = 5
7249  openat(AT_FDCWD, "/proc/6855/ns/ipc", O_RDONLY) = 6
7249  openat(AT_FDCWD, "/proc/6855/ns/pid", O_RDONLY) = 7
7249  openat(AT_FDCWD, "/proc/6855/ns/mnt", O_RDONLY) = 8
7249  setns(4, 0)                       = 0
7249  close(4)                          = 0
7249  setns(5, 0)                       = 0
7249  close(5)                          = 0
7249  setns(6, 0)                       = 0
7249  close(6)                          = 0
7249  setns(7, 0)                       = 0
7249  close(7)                          = 0
7249  setns(8, 0)                       = 0
7249  close(8)                          = 0
7249  clone(child_stack=NULL, flags=CLONE_CHILD_CLEARTID|CLONE_CHILD_SETTID|SIGCHLD, child_tidptr=0x7011db6cda10) = 7250
7250  set_robust_list(0x7011db6cda20, 24 <unfinished ...>
7249  wait4(7250,  <unfinished ...>
7250  <... set_robust_list resumed>)    = 0
7250  execve("/bin/sh", ["/bin/sh"], 0x7fffa58f2d70 /* 2 vars */) = 0
7250  brk(NULL)                         = 0x632a4eb16000
7250  mmap(NULL, 8192, PROT_READ|PROT_WRITE, MAP_PRIVATE|MAP_ANONYMOUS, -1, 0) = 0x72c963c33000
7250  access("/etc/ld.so.preload", R_OK) = -1 ENOENT (No such file or directory)
7250  openat(AT_FDCWD, "/etc/ld.so.cache", O_RDONLY|O_CLOEXEC) = -1 ENOENT (No such file or directory)
7250  openat(AT_FDCWD, "/lib/x86_64-linux-gnu/glibc-hwcaps/x86-64-v3/libc.so.6", O_RDONLY|O_CLOEXEC) = -1 ENOENT (No such file or directory)
7250  newfstatat(AT_FDCWD, "/lib/x86_64-linux-gnu/glibc-hwcaps/x86-64-v3/", 0x7fff5c1a2e30, 0) = -1 ENOENT (No such file or directory)
7250  openat(AT_FDCWD, "/lib/x86_64-linux-gnu/glibc-hwcaps/x86-64-v2/libc.so.6", O_RDONLY|O_CLOEXEC) = -1 ENOENT (No such file or directory)
7250  newfstatat(AT_FDCWD, "/lib/x86_64-linux-gnu/glibc-hwcaps/x86-64-v2/", 0x7fff5c1a2e30, 0) = -1 ENOENT (No such file or directory)
7250  openat(AT_FDCWD, "/lib/x86_64-linux-gnu/libc.so.6", O_RDONLY|O_CLOEXEC) = 4
7250  read(4, "\177ELF\2\1\1\3\0\0\0\0\0\0\0\0\3\0>\0\1\0\0\0\220\243\2\0\0\0\0\0"..., 832) = 832
7250  pread64(4, "\6\0\0\0\4\0\0\0@\0\0\0\0\0\0\0@\0\0\0\0\0\0\0@\0\0\0\0\0\0\0"..., 784, 64) = 784
7250  fstat(4, {st_mode=S_IFREG|0755, st_size=2125328, ...}) = 0
7250  pread64(4, "\6\0\0\0\4\0\0\0@\0\0\0\0\0\0\0@\0\0\0\0\0\0\0@\0\0\0\0\0\0\0"..., 784, 64) = 784
7250  mmap(NULL, 2170256, PROT_READ, MAP_PRIVATE|MAP_DENYWRITE, 4, 0) = 0x72c963a21000
7250  mmap(0x72c963a49000, 1605632, PROT_READ|PROT_EXEC, MAP_PRIVATE|MAP_FIXED|MAP_DENYWRITE, 4, 0x28000) = 0x72c963a49000
7250  mmap(0x72c963bd1000, 323584, PROT_READ, MAP_PRIVATE|MAP_FIXED|MAP_DENYWRITE, 4, 0x1b0000) = 0x72c963bd1000
7250  mmap(0x72c963c20000, 24576, PROT_READ|PROT_WRITE, MAP_PRIVATE|MAP_FIXED|MAP_DENYWRITE, 4, 0x1fe000) = 0x72c963c20000
7250  mmap(0x72c963c26000, 52624, PROT_READ|PROT_WRITE, MAP_PRIVATE|MAP_FIXED|MAP_ANONYMOUS, -1, 0) = 0x72c963c26000
7250  close(4)                          = 0
7250  mmap(NULL, 12288, PROT_READ|PROT_WRITE, MAP_PRIVATE|MAP_ANONYMOUS, -1, 0) = 0x72c963a1e000
7250  arch_prctl(ARCH_SET_FS, 0x72c963a1e740) = 0
7250  set_tid_address(0x72c963a1ea10)   = 10
7250  set_robust_list(0x72c963a1ea20, 24) = 0
7250  rseq(0x72c963a1f060, 0x20, 0, 0x53053053) = 0
7250  mprotect(0x72c963c20000, 16384, PROT_READ) = 0
7250  mprotect(0x632a10373000, 8192, PROT_READ) = 0
7250  mprotect(0x72c963c73000, 8192, PROT_READ) = 0
7250  prlimit64(0, RLIMIT_STACK, NULL, {rlim_cur=8192*1024, rlim_max=RLIM64_INFINITY}) = 0
7250  getuid()                          = 0
7250  getgid()                          = 0
7250  getpid()                          = 10
7250  rt_sigaction(SIGCHLD, {sa_handler=0x632a10368cd0, sa_mask=~[RTMIN RT_1], sa_flags=SA_RESTORER, sa_restorer=0x72c963a66330}, NULL, 8) = 0
7250  geteuid()                         = 0
7250  getrandom("\xa7\xe9\x9e\x46\x9f\xed\xd3\x20", 8, GRND_NONBLOCK) = 8
7250  brk(NULL)                         = 0x632a4eb16000
7250  brk(0x632a4eb37000)               = 0x632a4eb37000
7250  getppid()                         = 0
7250  getcwd("/", 4096)                 = 2
7250  ioctl(0, TCGETS, {c_iflag=ICRNL|IXON, c_oflag=NL0|CR0|TAB0|BS0|VT0|FF0|OPOST|ONLCR, c_cflag=B38400|CS8|CREAD, c_lflag=ISIG|ICANON|ECHO|ECHOE|ECHOK|IEXTEN|ECHOCTL|ECHOKE, ...}) = 0
7250  ioctl(1, TCGETS, {c_iflag=ICRNL|IXON, c_oflag=NL0|CR0|TAB0|BS0|VT0|FF0|OPOST|ONLCR, c_cflag=B38400|CS8|CREAD, c_lflag=ISIG|ICANON|ECHO|ECHOE|ECHOK|IEXTEN|ECHOCTL|ECHOKE, ...}) = 0
7250  geteuid()                         = 0
7250  getegid()                         = 0
7250  rt_sigaction(SIGINT, NULL, {sa_handler=SIG_DFL, sa_mask=[], sa_flags=0}, 8) = 0
7250  rt_sigaction(SIGINT, {sa_handler=0x632a10368cd0, sa_mask=~[RTMIN RT_1], sa_flags=SA_RESTORER, sa_restorer=0x72c963a66330}, NULL, 8) = 0
7250  rt_sigaction(SIGQUIT, NULL, {sa_handler=SIG_DFL, sa_mask=[], sa_flags=0}, 8) = 0
7250  rt_sigaction(SIGQUIT, {sa_handler=SIG_IGN, sa_mask=~[RTMIN RT_1], sa_flags=SA_RESTORER, sa_restorer=0x72c963a66330}, NULL, 8) = 0
7250  rt_sigaction(SIGTERM, NULL, {sa_handler=SIG_DFL, sa_mask=[], sa_flags=0}, 8) = 0
7250  rt_sigaction(SIGTERM, {sa_handler=SIG_IGN, sa_mask=~[RTMIN RT_1], sa_flags=SA_RESTORER, sa_restorer=0x72c963a66330}, NULL, 8) = 0
7250  openat(AT_FDCWD, "/dev/tty", O_RDWR) = -1 ENOENT (No such file or directory)
7250  ioctl(2, TCGETS, {c_iflag=ICRNL|IXON, c_oflag=NL0|CR0|TAB0|BS0|VT0|FF0|OPOST|ONLCR, c_cflag=B38400|CS8|CREAD, c_lflag=ISIG|ICANON|ECHO|ECHOE|ECHOK|IEXTEN|ECHOCTL|ECHOKE, ...}) = 0
7250  fcntl(2, F_DUPFD, 10)             = 10
7250  close(-1)                         = -1 EBADF (Bad file descriptor)
7250  fcntl(10, F_SETFD, FD_CLOEXEC)    = 0
7250  ioctl(10, TIOCGPGRP, [0])         = 0
7250  getpgrp()                         = 0
7250  rt_sigaction(SIGTSTP, NULL, {sa_handler=SIG_DFL, sa_mask=[], sa_flags=0}, 8) = 0
7250  rt_sigaction(SIGTSTP, {sa_handler=SIG_IGN, sa_mask=~[RTMIN RT_1], sa_flags=SA_RESTORER, sa_restorer=0x72c963a66330}, NULL, 8) = 0
7250  rt_sigaction(SIGTTOU, NULL, {sa_handler=SIG_DFL, sa_mask=[], sa_flags=0}, 8) = 0
7250  rt_sigaction(SIGTTOU, {sa_handler=SIG_IGN, sa_mask=~[RTMIN RT_1], sa_flags=SA_RESTORER, sa_restorer=0x72c963a66330}, NULL, 8) = 0
7250  rt_sigaction(SIGTTIN, NULL, {sa_handler=SIG_DFL, sa_mask=[], sa_flags=0}, 8) = 0
7250  rt_sigaction(SIGTTIN, {sa_handler=SIG_DFL, sa_mask=~[RTMIN RT_1], sa_flags=SA_RESTORER, sa_restorer=0x72c963a66330}, NULL, 8) = 0
7250  setpgid(0, 10)                    = 0
7250  rt_sigprocmask(SIG_SETMASK, ~[RTMIN RT_1], NULL, 8) = 0
7250  ioctl(10, TIOCSPGRP, [10])        = 0
7250  rt_sigprocmask(SIG_SETMASK, [], ~[KILL STOP RTMIN RT_1], 8) = 0
7250  write(2, "# ", 2)                 = 2
7250  read(0, "ls\n", 8192)             = 3
7250  newfstatat(AT_FDCWD, "/bin/ls", {st_mode=S_IFREG|0755, st_size=142312, ...}, 0) = 0
7250  rt_sigprocmask(SIG_SETMASK, ~[RTMIN RT_1], NULL, 8) = 0
7250  vfork( <unfinished ...>
7251  getpid()                          = 11
7251  setpgid(0, 11)                    = 0
7251  rt_sigprocmask(SIG_SETMASK, ~[RTMIN RT_1], NULL, 8) = 0
7251  ioctl(10, TIOCSPGRP, [11])        = 0
7251  rt_sigprocmask(SIG_SETMASK, [], ~[KILL STOP RTMIN RT_1], 8) = 0
7251  rt_sigaction(SIGTSTP, {sa_handler=SIG_DFL, sa_mask=~[RTMIN RT_1], sa_flags=SA_RESTORER, sa_restorer=0x72c963a66330}, NULL, 8) = 0
7251  rt_sigaction(SIGTTOU, {sa_handler=SIG_DFL, sa_mask=~[RTMIN RT_1], sa_flags=SA_RESTORER, sa_restorer=0x72c963a66330}, NULL, 8) = 0
7251  rt_sigaction(SIGINT, {sa_handler=SIG_DFL, sa_mask=~[RTMIN RT_1], sa_flags=SA_RESTORER, sa_restorer=0x72c963a66330}, NULL, 8) = 0
7251  rt_sigaction(SIGQUIT, {sa_handler=SIG_DFL, sa_mask=~[RTMIN RT_1], sa_flags=SA_RESTORER, sa_restorer=0x72c963a66330}, NULL, 8) = 0
7251  rt_sigaction(SIGTERM, {sa_handler=SIG_DFL, sa_mask=~[RTMIN RT_1], sa_flags=SA_RESTORER, sa_restorer=0x72c963a66330}, NULL, 8) = 0
7251  rt_sigprocmask(SIG_SETMASK, [], [], 8) = 0
7251  execve("/bin/ls", ["ls"], 0x632a10375520 /* 3 vars */ <unfinished ...>
7250  <... vfork resumed>)              = 11
7250  rt_sigprocmask(SIG_SETMASK, [],  <unfinished ...>
7251  <... execve resumed>)             = 0
7250  <... rt_sigprocmask resumed>~[KILL STOP RTMIN RT_1], 8) = 0
7251  brk(NULL <unfinished ...>
7250  setpgid(11, 11 <unfinished ...>
7251  <... brk resumed>)                = 0x61cf78f05000
7250  <... setpgid resumed>)            = -1 EACCES (Permission denied)
7251  mmap(NULL, 8192, PROT_READ|PROT_WRITE, MAP_PRIVATE|MAP_ANONYMOUS, -1, 0 <unfinished ...>
7250  wait4(-1,  <unfinished ...>
7251  <... mmap resumed>)               = 0x7d72a0fa5000
7251  access("/etc/ld.so.preload", R_OK) = -1 ENOENT (No such file or directory)
7251  openat(AT_FDCWD, "/etc/ld.so.cache", O_RDONLY|O_CLOEXEC) = -1 ENOENT (No such file or directory)
7251  openat(AT_FDCWD, "/lib/x86_64-linux-gnu/glibc-hwcaps/x86-64-v3/libselinux.so.1", O_RDONLY|O_CLOEXEC) = -1 ENOENT (No such file or directory)
7251  newfstatat(AT_FDCWD, "/lib/x86_64-linux-gnu/glibc-hwcaps/x86-64-v3/", 0x7ffeffb89a30, 0) = -1 ENOENT (No such file or directory)
7251  openat(AT_FDCWD, "/lib/x86_64-linux-gnu/glibc-hwcaps/x86-64-v2/libselinux.so.1", O_RDONLY|O_CLOEXEC) = -1 ENOENT (No such file or directory)
7251  newfstatat(AT_FDCWD, "/lib/x86_64-linux-gnu/glibc-hwcaps/x86-64-v2/", 0x7ffeffb89a30, 0) = -1 ENOENT (No such file or directory)
7251  openat(AT_FDCWD, "/lib/x86_64-linux-gnu/libselinux.so.1", O_RDONLY|O_CLOEXEC) = 4
7251  read(4, "\177ELF\2\1\1\0\0\0\0\0\0\0\0\0\3\0>\0\1\0\0\0\0\0\0\0\0\0\0\0"..., 832) = 832
7251  fstat(4, {st_mode=S_IFREG|0755, st_size=174472, ...}) = 0
7251  mmap(NULL, 181960, PROT_READ, MAP_PRIVATE|MAP_DENYWRITE, 4, 0) = 0x7d72a0f78000
7251  mmap(0x7d72a0f7e000, 118784, PROT_READ|PROT_EXEC, MAP_PRIVATE|MAP_FIXED|MAP_DENYWRITE, 4, 0x6000) = 0x7d72a0f7e000
7251  mmap(0x7d72a0f9b000, 24576, PROT_READ, MAP_PRIVATE|MAP_FIXED|MAP_DENYWRITE, 4, 0x23000) = 0x7d72a0f9b000
7251  mmap(0x7d72a0fa1000, 8192, PROT_READ|PROT_WRITE, MAP_PRIVATE|MAP_FIXED|MAP_DENYWRITE, 4, 0x29000) = 0x7d72a0fa1000
7251  mmap(0x7d72a0fa3000, 5832, PROT_READ|PROT_WRITE, MAP_PRIVATE|MAP_FIXED|MAP_ANONYMOUS, -1, 0) = 0x7d72a0fa3000
7251  close(4)                          = 0
7251  openat(AT_FDCWD, "/lib/x86_64-linux-gnu/libc.so.6", O_RDONLY|O_CLOEXEC) = 4
7251  read(4, "\177ELF\2\1\1\3\0\0\0\0\0\0\0\0\3\0>\0\1\0\0\0\220\243\2\0\0\0\0\0"..., 832) = 832
7251  pread64(4, "\6\0\0\0\4\0\0\0@\0\0\0\0\0\0\0@\0\0\0\0\0\0\0@\0\0\0\0\0\0\0"..., 784, 64) = 784
7251  fstat(4, {st_mode=S_IFREG|0755, st_size=2125328, ...}) = 0
7251  pread64(4, "\6\0\0\0\4\0\0\0@\0\0\0\0\0\0\0@\0\0\0\0\0\0\0@\0\0\0\0\0\0\0"..., 784, 64) = 784
7251  mmap(NULL, 2170256, PROT_READ, MAP_PRIVATE|MAP_DENYWRITE, 4, 0) = 0x7d72a0d66000
7251  mmap(0x7d72a0d8e000, 1605632, PROT_READ|PROT_EXEC, MAP_PRIVATE|MAP_FIXED|MAP_DENYWRITE, 4, 0x28000) = 0x7d72a0d8e000
7251  mmap(0x7d72a0f16000, 323584, PROT_READ, MAP_PRIVATE|MAP_FIXED|MAP_DENYWRITE, 4, 0x1b0000) = 0x7d72a0f16000
7251  mmap(0x7d72a0f65000, 24576, PROT_READ|PROT_WRITE, MAP_PRIVATE|MAP_FIXED|MAP_DENYWRITE, 4, 0x1fe000) = 0x7d72a0f65000
7251  mmap(0x7d72a0f6b000, 52624, PROT_READ|PROT_WRITE, MAP_PRIVATE|MAP_FIXED|MAP_ANONYMOUS, -1, 0) = 0x7d72a0f6b000
7251  close(4)                          = 0
7251  openat(AT_FDCWD, "/lib/x86_64-linux-gnu/libpcre2-8.so.0", O_RDONLY|O_CLOEXEC) = 4
7251  read(4, "\177ELF\2\1\1\0\0\0\0\0\0\0\0\0\3\0>\0\1\0\0\0\0\0\0\0\0\0\0\0"..., 832) = 832
7251  fstat(4, {st_mode=S_IFREG|0755, st_size=625344, ...}) = 0
7251  mmap(NULL, 627472, PROT_READ, MAP_PRIVATE|MAP_DENYWRITE, 4, 0) = 0x7d72a0ccc000
7251  mmap(0x7d72a0cce000, 450560, PROT_READ|PROT_EXEC, MAP_PRIVATE|MAP_FIXED|MAP_DENYWRITE, 4, 0x2000) = 0x7d72a0cce000
7251  mmap(0x7d72a0d3c000, 163840, PROT_READ, MAP_PRIVATE|MAP_FIXED|MAP_DENYWRITE, 4, 0x70000) = 0x7d72a0d3c000
7251  mmap(0x7d72a0d64000, 8192, PROT_READ|PROT_WRITE, MAP_PRIVATE|MAP_FIXED|MAP_DENYWRITE, 4, 0x97000) = 0x7d72a0d64000
7251  close(4)                          = 0
7251  mmap(NULL, 12288, PROT_READ|PROT_WRITE, MAP_PRIVATE|MAP_ANONYMOUS, -1, 0) = 0x7d72a0cc9000
7251  arch_prctl(ARCH_SET_FS, 0x7d72a0cc9800) = 0
7251  set_tid_address(0x7d72a0cc9ad0)   = 11
7251  set_robust_list(0x7d72a0cc9ae0, 24) = 0
7251  rseq(0x7d72a0cca120, 0x20, 0, 0x53053053) = 0
7251  mprotect(0x7d72a0f65000, 16384, PROT_READ) = 0
7251  mprotect(0x7d72a0d64000, 4096, PROT_READ) = 0
7251  mprotect(0x7d72a0fa1000, 4096, PROT_READ) = 0
7251  mprotect(0x61cf552c7000, 8192, PROT_READ) = 0
7251  mprotect(0x7d72a0fe5000, 8192, PROT_READ) = 0
7251  prlimit64(0, RLIMIT_STACK, NULL, {rlim_cur=8192*1024, rlim_max=RLIM64_INFINITY}) = 0
7251  statfs("/sys/fs/selinux", {f_type=SYSFS_MAGIC, f_bsize=4096, f_blocks=0, f_bfree=0, f_bavail=0, f_files=0, f_ffree=0, f_fsid={val=[0xae46d4a5, 0x89f19cce]}, f_namelen=255, f_frsize=4096, f_flags=ST_VALID|ST_RELATIME}) = 0
7251  statfs("/selinux", 0x7ffeffb8a7e0) = -1 ENOENT (No such file or directory)
7251  getrandom("\x2d\x04\x8a\x1f\xa9\x29\xf1\xbf", 8, GRND_NONBLOCK) = 8
7251  brk(NULL)                         = 0x61cf78f05000
7251  brk(0x61cf78f26000)               = 0x61cf78f26000
7251  openat(AT_FDCWD, "/proc/filesystems", O_RDONLY|O_CLOEXEC) = 4
7251  fstat(4, {st_mode=S_IFREG|0444, st_size=0, ...}) = 0
7251  read(4, "nodev\tsysfs\nnodev\ttmpfs\nnodev\tbd"..., 1024) = 442
7251  close(4)                          = 0
7251  openat(AT_FDCWD, "/proc/mounts", O_RDONLY|O_CLOEXEC) = 4
7251  fstat(4, {st_mode=S_IFREG|0444, st_size=0, ...}) = 0
7251  read(4, "virtual_FS / overlay rw,relatime"..., 1024) = 310
7251  read(4, "", 1024)                 = 0
7251  close(4)                          = 0
7251  access("/etc/selinux/config", F_OK) = -1 ENOENT (No such file or directory)
7251  ioctl(1, TCGETS, {c_iflag=ICRNL|IXON, c_oflag=NL0|CR0|TAB0|BS0|VT0|FF0|OPOST|ONLCR, c_cflag=B38400|CS8|CREAD, c_lflag=ISIG|ICANON|ECHO|ECHOE|ECHOK|IEXTEN|ECHOCTL|ECHOKE, ...}) = 0
7251  ioctl(1, TIOCGWINSZ, {ws_row=36, ws_col=153, ws_xpixel=0, ws_ypixel=0}) = 0
7251  openat(AT_FDCWD, ".", O_RDONLY|O_NONBLOCK|O_CLOEXEC|O_DIRECTORY) = 4
7251  fstat(4, {st_mode=S_IFDIR|0755, st_size=4096, ...}) = 0
7251  getdents64(4, 0x61cf78f0ad40 /* 10 entries */, 32768) = 256
7251  getdents64(4, 0x61cf78f0ad40 /* 0 entries */, 32768) = 0
7251  close(4)                          = 0
7251  fstat(1, {st_mode=S_IFCHR|0620, st_rdev=makedev(0x88, 0x4), ...}) = 0
7251  write(1, "bin  dev  lib  lib64  proc  sys "..., 37) = 37
7251  close(1)                          = 0
7251  close(2)                          = 0
7251  exit_group(0)                     = ?
7251  +++ exited with 0 +++
7250  <... wait4 resumed>[{WIFEXITED(s) && WEXITSTATUS(s) == 0}], WSTOPPED, NULL) = 11
7250  --- SIGCHLD {si_signo=SIGCHLD, si_code=CLD_EXITED, si_pid=11, si_uid=0, si_status=0, si_utime=0, si_stime=0} ---
7250  rt_sigreturn({mask=[]})           = 11
7250  wait4(-1, 0x7fff5c1a37cc, WNOHANG|WSTOPPED, NULL) = -1 ECHILD (No child processes)
7250  rt_sigprocmask(SIG_SETMASK, ~[RTMIN RT_1], NULL, 8) = 0
7250  ioctl(10, TIOCSPGRP, [10])        = 0
7250  rt_sigprocmask(SIG_SETMASK, [], ~[KILL STOP RTMIN RT_1], 8) = 0
7250  write(2, "# ", 2)                 = 2
7250  read(0, "exit\n", 8192)           = 5
7250  rt_sigprocmask(SIG_SETMASK, ~[RTMIN RT_1], NULL, 8) = 0
7250  ioctl(10, TIOCSPGRP, [0])         = -1 ESRCH (No such process)
7250  rt_sigprocmask(SIG_SETMASK, [], ~[KILL STOP RTMIN RT_1], 8) = 0
7250  write(2, "/bin/sh: 2: ", 12)      = 12
7250  write(2, "Cannot set tty process group (No"..., 46) = 46
7250  write(2, "\n", 1)                 = 1
7250  exit_group(2)                     = ?
7250  +++ exited with 2 +++
7249  <... wait4 resumed>NULL, 0, NULL) = 7250
7249  --- SIGCHLD {si_signo=SIGCHLD, si_code=CLD_EXITED, si_pid=7250, si_uid=0, si_status=2, si_utime=0, si_stime=0} ---
7249  write(1, "ALL SETTINGS SUCCESS!\n", 22) = 22
7249  exit_group(0)                     = ?
7249  +++ exited with 0 +++
