9714  socket(AF_NETLINK, SOCK_RAW|SOCK_CLOEXEC, NETLINK_ROUTE) = 3
9714  setsockopt(3, SOL_SOCKET, SO_SNDBUF, [32768], 4) = 0
9714  setsockopt(3, SOL_SOCKET, SO_RCVBUF, [1048576], 4) = 0
9714  setsockopt(3, SOL_NETLINK, NETLINK_EXT_ACK, [1], 4) = 0
9714  bind(3, {sa_family=AF_NETLINK, nl_pid=0, nl_groups=00000000}, 12) = 0
9714  getsockname(3, {sa_family=AF_NETLINK, nl_pid=9714, nl_groups=00000000}, [12]) = 0
9714  setsockopt(3, SOL_NETLINK, NETLINK_GET_STRICT_CHK, [1], 4) = 0
9714  socket(AF_NETLINK, SOCK_RAW|SOCK_CLOEXEC, NETLINK_ROUTE) = 4
9714  setsockopt(4, SOL_SOCKET, SO_SNDBUF, [32768], 4) = 0
9714  setsockopt(4, SOL_SOCKET, SO_RCVBUF, [1048576], 4) = 0
9714  setsockopt(4, SOL_NETLINK, NETLINK_EXT_ACK, [1], 4) = 0
9714  bind(4, {sa_family=AF_NETLINK, nl_pid=0, nl_groups=00000000}, 12) = 0
9714  getsockname(4, {sa_family=AF_NETLINK, nl_pid=-255737339, nl_groups=00000000}, [12]) = 0
9714  socket(AF_INET, SOCK_DGRAM, IPPROTO_ICMP) = -1 EACCES (Permission denied)
9714  socket(AF_INET, SOCK_RAW, IPPROTO_ICMP) = 3
9714  socket(AF_INET6, SOCK_DGRAM, IPPROTO_ICMPV6) = -1 EACCES (Permission denied)
9714  socket(AF_INET6, SOCK_RAW, IPPROTO_ICMPV6) = 4
9714  socket(AF_INET, SOCK_DGRAM, IPPROTO_IP) = 5
9714  connect(5, {sa_family=AF_INET, sin_port=htons(1025), sin_addr=inet_addr("8.8.8.8")}, 16) = 0
9714  getsockname(5, {sa_family=AF_INET, sin_port=htons(56965), sin_addr=inet_addr("172.19.0.2")}, [16]) = 0
9714  setsockopt(3, SOL_RAW, ICMP_FILTER, ~[ICMP_ECHOREPLY ICMP_DEST_UNREACH ICMP_SOURCE_QUENCH ICMP_REDIRECT ICMP_TIME_EXCEEDED ICMP_PARAMETERPROB], 4) = 0
9714  setsockopt(3, SOL_IP, IP_RECVERR, [1], 4) = 0
9714  setsockopt(3, SOL_SOCKET, SO_SNDBUF, [324], 4) = 0
9714  setsockopt(3, SOL_SOCKET, SO_RCVBUF, [65536], 4) = 0
9714  getsockopt(3, SOL_SOCKET, SO_RCVBUF, [131072], [4]) = 0
9714  setsockopt(3, SOL_SOCKET, SO_TIMESTAMP_OLD, [1], 4) = 0
9714  setsockopt(3, SOL_SOCKET, SO_SNDTIMEO_OLD, "\1\0\0\0\0\0\0\0\0\0\0\0\0\0\0\0", 16) = 0
9714  setsockopt(3, SOL_SOCKET, SO_RCVTIMEO_OLD, "\1\0\0\0\0\0\0\0\0\0\0\0\0\0\0\0", 16) = 0
9714  sendto(3, "\10\0z\345%\362\0\1*\343\222j\0\0\0\0\333\6\0\0\0\0\0\0\20\21\22\23\24\25\26\27"..., 64, 0, {sa_family=AF_INET, sin_port=htons(0), sin_addr=inet_addr("8.8.8.8")}, 16) = 64
9714  recvmsg(3, {msg_namelen=128}, 0)  = -1 EAGAIN (Resource temporarily unavailable)
9714  sendto(3, "\10\0\202\312%\362\0\2+\343\222j\0\0\0\0\322 \0\0\0\0\0\0\20\21\22\23\24\25\26\27"..., 64, 0, {sa_family=AF_INET, sin_port=htons(0), sin_addr=inet_addr("8.8.8.8")}, 16) = 64
9714  recvmsg(3, {msg_namelen=128}, 0)  = -1 EAGAIN (Resource temporarily unavailable)
9714  sendto(3, "\10\0Rk%\362\0\3,\343\222j\0\0\0\0\1\177\0\0\0\0\0\0\20\21\22\23\24\25\26\27"..., 64, 0, {sa_family=AF_INET, sin_port=htons(0), sin_addr=inet_addr("8.8.8.8")}, 16) = 64
9714  recvmsg(3, {msg_namelen=128}, 0)  = -1 EAGAIN (Resource temporarily unavailable)
9714  sendto(3, "\10\0\234\f%\362\0\4-\343\222j\0\0\0\0\266\334\0\0\0\0\0\0\20\21\22\23\24\25\26\27"..., 64, 0, {sa_family=AF_INET, sin_port=htons(0), sin_addr=inet_addr("8.8.8.8")}, 16) = 64
9714  recvmsg(3, {msg_namelen=128}, 0)  = -1 EAGAIN (Resource temporarily unavailable)
9714  sendto(3, "\10\0P\256%\362\0\5.\343\222j\0\0\0\0\0:\1\0\0\0\0\0\20\21\22\23\24\25\26\27"..., 64, 0, {sa_family=AF_INET, sin_port=htons(0), sin_addr=inet_addr("8.8.8.8")}, 16) = 64
9714  recvmsg(3, {msg_namelen=128}, 0)  = -1 EAGAIN (Resource temporarily unavailable)
9714  sendto(3, "\10\0\7O%\362\0\6/\343\222j\0\0\0\0H\230\1\0\0\0\0\0\20\21\22\23\24\25\26\27"..., 64, 0, {sa_family=AF_INET, sin_port=htons(0), sin_addr=inet_addr("8.8.8.8")}, 16) = 64
9714  recvmsg(3, {msg_namelen=128}, 0)  = -1 EAGAIN (Resource temporarily unavailable)
9714  sendto(3, "\10\0\\\357%\362\0\0070\343\222j\0\0\0\0\361\366\1\0\0\0\0\0\20\21\22\23\24\25\26\27"..., 64, 0, {sa_family=AF_INET, sin_port=htons(0), sin_addr=inet_addr("8.8.8.8")}, 16) = 64
9714  recvmsg(3, {msg_namelen=128}, 0)  = -1 EAGAIN (Resource temporarily unavailable)
9714  sendto(3, "\10\0\232\221%\362\0\0101\343\222j\0\0\0\0\262S\2\0\0\0\0\0\20\21\22\23\24\25\26\27"..., 64, 0, {sa_family=AF_INET, sin_port=htons(0), sin_addr=inet_addr("8.8.8.8")}, 16) = 64
9714  recvmsg(3, {msg_namelen=128}, 0)  = -1 EAGAIN (Resource temporarily unavailable)
9714  sendto(3, "\10\0\0363%\362\0\t2\343\222j\0\0\0\0-\261\2\0\0\0\0\0\20\21\22\23\24\25\26\27"..., 64, 0, {sa_family=AF_INET, sin_port=htons(0), sin_addr=inet_addr("8.8.8.8")}, 16) = 64
9714  recvmsg(3, {msg_namelen=128}, 0)  = -1 EAGAIN (Resource temporarily unavailable)
9714  sendto(3, "\10\0!\324%\362\0\n3\343\222j\0\0\0\0(\17\3\0\0\0\0\0\20\21\22\23\24\25\26\27"..., 64, 0, {sa_family=AF_INET, sin_port=htons(0), sin_addr=inet_addr("8.8.8.8")}, 16) = 64
9714  recvmsg(3, {msg_namelen=128}, 0)  = -1 EAGAIN (Resource temporarily unavailable)
9714  recvmsg(3, {msg_namelen=128}, 0)  = -1 EAGAIN (Resource temporarily unavailable)
9714  recvmsg(3, {msg_namelen=128}, 0)  = -1 EAGAIN (Resource temporarily unavailable)
9714  recvmsg(3, {msg_namelen=128}, 0)  = -1 EAGAIN (Resource temporarily unavailable)
9714  recvmsg(3, {msg_namelen=128}, 0)  = -1 EAGAIN (Resource temporarily unavailable)
9714  recvmsg(3, {msg_namelen=128}, 0)  = -1 EAGAIN (Resource temporarily unavailable)
9714  recvmsg(3, {msg_namelen=128}, 0)  = -1 EAGAIN (Resource temporarily unavailable)
9714  recvmsg(3, {msg_namelen=128}, 0)  = -1 EAGAIN (Resource temporarily unavailable)
9714  recvmsg(3, {msg_namelen=128}, 0)  = -1 EAGAIN (Resource temporarily unavailable)
9714  recvmsg(3, {msg_namelen=128}, 0)  = -1 EINTR (Interrupted system call)
9714  --- SIGALRM {si_signo=SIGALRM, si_code=SI_KERNEL} ---
9714  +++ exited with 1 +++
9713  --- SIGCHLD {si_signo=SIGCHLD, si_code=CLD_EXITED, si_pid=9714, si_uid=0, si_status=1, si_utime=0, si_stime=0} ---
9713  +++ exited with 1 +++
9712  --- SIGCHLD {si_signo=SIGCHLD, si_code=CLD_EXITED, si_pid=9713, si_uid=0, si_status=1, si_utime=0, si_stime=0} ---
9712  +++ exited with 0 +++
